BL51 BANKED LINKER/LOCATER V6.22.4.0                                                    04/15/2024  11:45:36  PAGE 1


BL51 BANKED LINKER/LOCATER V6.22.4.0, INVOKED BY:
C:\KEIL_V5\C51\BIN\BL51.EXE .\Objects\STARTUP.obj, .\Objects\exp3_code.obj TO .\Objects\exp3_code PRINT (.\Listings\exp3
>> _code.m51)


MEMORY MODEL: SMALL


INPUT MODULES INCLUDED:
  .\Objects\STARTUP.obj (?C_STARTUP)
  .\Objects\exp3_code.obj (EXP3_CODE)
  C:\KEIL_V5\C51\LIB\C51S.LIB (?C_INIT)


LINK MAP OF MODULE:  .\Objects\exp3_code (?C_STARTUP)


            TYPE    BASE      LENGTH    RELOCATION   SEGMENT NAME
            -----------------------------------------------------

            * * * * * * *   D A T A   M E M O R Y   * * * * * * *
            REG     0000H     0008H     ABSOLUTE     "REG BANK 0"
            DATA    0008H     0014H     UNIT         ?DT?EXP3_CODE
            DATA    001CH     0002H     UNIT         _DATA_GROUP_
            IDATA   001EH     0001H     UNIT         ?STACK

            * * * * * * *   C O D E   M E M O R Y   * * * * * * *
            CODE    0000H     0003H     ABSOLUTE     
                    0003H     07FDH                  *** GAP ***
            CODE    0800H     008CH     UNIT         ?C_C51STARTUP
            CODE    088CH     002CH     UNIT         ?PR?MAIN?EXP3_CODE
            CODE    08B8H     001DH     UNIT         ?PR?DELAY?EXP3_CODE
            CODE    08D5H     0017H     UNIT         ?C_INITSEG



OVERLAY MAP OF MODULE:   .\Objects\exp3_code (?C_STARTUP)


SEGMENT                          DATA_GROUP 
  +--> CALLED SEGMENT          START    LENGTH
----------------------------------------------
?C_C51STARTUP                  -----    -----
  +--> ?PR?MAIN?EXP3_CODE
  +--> ?C_INITSEG

?PR?MAIN?EXP3_CODE             001CH    0002H
  +--> ?PR?DELAY?EXP3_CODE



SYMBOL TABLE OF MODULE:  .\Objects\exp3_code (?C_STARTUP)

  VALUE           TYPE          NAME
  ----------------------------------

  -------         MODULE        ?C_STARTUP
  C:0800H         SEGMENT       ?C_C51STARTUP
BL51 BANKED LINKER/LOCATER V6.22.4.0                                                  04/15/2024  11:45:36  PAGE 2


  I:001EH         SEGMENT       ?STACK
  C:0000H         PUBLIC        ?C_STARTUP
  D:00E0H         SYMBOL        ACC
  D:00F0H         SYMBOL        B
  D:0083H         SYMBOL        DPH
  D:0082H         SYMBOL        DPL
  N:0000H         SYMBOL        IBPSTACK
  N:0100H         SYMBOL        IBPSTACKTOP
  N:0080H         SYMBOL        IDATALEN
  C:0803H         SYMBOL        IDATALOOP
  N:0000H         SYMBOL        PBPSTACK
  N:0100H         SYMBOL        PBPSTACKTOP
  N:0000H         SYMBOL        PDATALEN
  N:0000H         SYMBOL        PDATASTART
  N:0000H         SYMBOL        PPAGE
  N:0000H         SYMBOL        PPAGEENABLE
  D:00A0H         SYMBOL        PPAGE_SFR
  D:0081H         SYMBOL        SP
  C:0800H         SYMBOL        STARTUP1
  N:0000H         SYMBOL        XBPSTACK
  N:0000H         SYMBOL        XBPSTACKTOP
  N:0000H         SYMBOL        XDATALEN
  N:0000H         SYMBOL        XDATASTART
  C:0000H         LINE#         126
  C:0800H         LINE#         133
  C:0802H         LINE#         134
  C:0803H         LINE#         135
  C:0804H         LINE#         136
  C:0806H         LINE#         185
  C:0809H         LINE#         196
  -------         ENDMOD        ?C_STARTUP

  -------         MODULE        EXP3_CODE
  C:0000H         SYMBOL        _ICE_DUMMY_
  D:00A0H         PUBLIC        P2
  D:00B0H         PUBLIC        P3
  C:088CH         PUBLIC        main
  D:0008H         PUBLIC        arr
  C:08B8H         PUBLIC        Delay
  -------         PROC          MAIN
  -------         DO            
  D:001CH         SYMBOL        x
  -------         ENDDO         
  C:088CH         LINE#         8
  C:088CH         LINE#         9
  C:088CH         LINE#         11
  C:088FH         LINE#         12
  C:088FH         LINE#         13
  C:088FH         LINE#         14
  C:0894H         LINE#         15
  C:08A0H         LINE#         16
  C:08A3H         LINE#         17
  -------         ENDPROC       MAIN
  -------         PROC          DELAY
  -------         DO            
  D:0004H         SYMBOL        j
  D:0006H         SYMBOL        i
BL51 BANKED LINKER/LOCATER V6.22.4.0                                                  04/15/2024  11:45:36  PAGE 3


  -------         ENDDO         
  C:08B8H         LINE#         20
  C:08B8H         LINE#         21
  C:08B8H         LINE#         24
  C:08BBH         LINE#         25
  C:08BBH         LINE#         26
  C:08BEH         LINE#         27
  C:08BEH         LINE#         28
  C:08C9H         LINE#         29
  C:08D4H         LINE#         30
  -------         ENDPROC       DELAY
  -------         ENDMOD        EXP3_CODE

******************************************************************************
* RESTRICTED VERSION WITH 0800H BYTE CODE SIZE LIMIT; USED: 006EH BYTE ( 5%) *
******************************************************************************

Program Size: data=31.0 xdata=0 code=239
LINK/LOCATE RUN COMPLETE.  0 WARNING(S),  0 ERROR(S)
